// Jest Snapshot v1, https://goo.gl/fbAQLP

exports[`快照测试 DataTable 快照测试 1`] = `
<Table
  bordered={false}
  className=""
  columns={Array []}
  dataSource={Array []}
  indentSize={20}
  loading={false}
  locale={Object {}}
  pagination={
    Object {
      "pageSizeOptions": Array [
        "10",
        "20",
        "50",
        "100",
      ],
      "showSizeChanger": true,
      "showTotal": [Function],
      "size": "middle",
    }
  }
  prefixCls="ant-table"
  rowKey="key"
  showHeader={true}
  size="default"
  style={
    Object {
      "width": "100%",
    }
  }
  useFixedHeader={false}
/>
`;
